SUCCESS SE-A
SUCCESS SE-B
SUCCESS SE-A
SUCCESS SE-B
SUCCESS SE-A
SUCCESS SE-B
SUCCESS SE-A
SUCCESS SE-B
SUCCESS SE-A
SUCCESS SE-B
SUCCESS TE-A
SUCCESS TE-B
SUCCESS BE-A
SUCCESS BE-B
SUCCESS SE-A
SUCCESS SE-B
SUCCESS TE-A
SUCCESS TE-B
SUCCESS BE-A
SUCCESS BE-B
SUCCESS SE-A
SUCCESS SE-B
SUCCESS TE-A
SUCCESS TE-B
SUCCESS BE-A
SUCCESS BE-B
SUCCESS SE-A
SUCCESS SE-B
SUCCESS TE-A
SUCCESS TE-B
SUCCESS BE-A
SUCCESS BE-B
SUCCESS SE-A
SUCCESS SE-B
SUCCESS TE-A
SUCCESS TE-B
SUCCESS BE-A
SUCCESS BE-B
SUCCESS SE-A
SUCCESS SE-B
SUCCESS TE-A
SUCCESS TE-B
SUCCESS BE-A
SUCCESS BE-B
