FAILED Nlp L @ BE-A-B1: ['No Teacher (Nlp L)', 'Batch B1 already has lab on Saturday', 'Batch B1 busy', 'No Lab Room', 'Batch B1 already has lab on Thursday', 'Batch B1 already has lab on Friday']
FAILED Dl L @ BE-A-B2: ['Batch B2 busy', 'Batch B2 already has lab on Thursday', 'No Lab Room', 'Batch B2 already has lab on Saturday', 'Batch B2 already has lab on Friday', 'No Teacher (Dl L)']
FAILED Bt L @ BE-A-B3: ['Batch B3 already has lab on Friday', 'Batch B3 already has lab on Thursday', 'No Teacher (Bt L)', 'No Lab Room', 'Batch B3 busy', 'Batch B3 already has lab on Saturday']
FAILED Nlp L @ BE-B-B1: ['No Teacher (Nlp L)', 'Batch B1 already has lab on Saturday', 'Batch B1 busy', 'No Lab Room', 'Batch B1 already has lab on Thursday', 'Batch B1 already has lab on Friday']
FAILED Bda L @ BE-B-B2: ['No Lab Room', 'Batch B2 already has lab on Saturday', 'Batch B2 busy', 'No Teacher (Bda L)']
FAILED Nlp L @ BE-B-B2: ['No Lab Room', 'No Teacher (Nlp L)', 'Batch B2 busy', 'Batch B2 already has lab on Saturday']
FAILED Dl L @ BE-B-B2: ['No Lab Room', 'Batch B2 busy', 'No Teacher (Dl L)', 'Batch B2 already has lab on Saturday']
FAILED Nlp L @ BE-B-B3: ['No Lab Room', 'Batch B3 busy', 'No Teacher (Nlp L)', 'Batch B3 already has lab on Saturday']
FAILED Dl L @ BE-B-B3: ['No Lab Room', 'Batch B3 busy', 'Batch B3 already has lab on Saturday', 'No Teacher (Dl L)']
FAILED Bt L @ BE-B-B3: ['No Lab Room', 'Batch B3 busy', 'Batch B3 already has lab on Saturday', 'No Teacher (Bt L)']
FAILED Nlp L @ BE-A-B1: ['Batch B1 busy', 'Batch B1 already has lab on Saturday', 'No Teacher (Nlp L)', 'Batch B1 already has lab on Friday', 'Batch B1 already has lab on Thursday', 'No Lab Room']
FAILED Dl L @ BE-A-B2: ['No Teacher (Dl L)', 'Batch B2 busy', 'Batch B2 already has lab on Friday', 'Batch B2 already has lab on Saturday', 'Batch B2 already has lab on Thursday', 'No Lab Room']
FAILED Bt L @ BE-A-B3: ['Batch B3 already has lab on Saturday', 'Batch B3 already has lab on Thursday', 'Batch B3 already has lab on Friday', 'Batch B3 busy', 'No Teacher (Bt L)', 'No Lab Room']
FAILED Nlp L @ BE-B-B1: ['Batch B1 busy', 'Batch B1 already has lab on Saturday', 'No Teacher (Nlp L)', 'Batch B1 already has lab on Friday', 'Batch B1 already has lab on Thursday', 'No Lab Room']
FAILED Bda L @ BE-B-B2: ['No Teacher (Bda L)', 'Batch B2 busy', 'Batch B2 already has lab on Saturday', 'No Lab Room']
FAILED Nlp L @ BE-B-B2: ['Batch B2 already has lab on Saturday', 'Batch B2 busy', 'No Teacher (Nlp L)', 'No Lab Room']
FAILED Dl L @ BE-B-B2: ['Batch B2 already has lab on Saturday', 'Batch B2 busy', 'No Teacher (Dl L)', 'No Lab Room']
FAILED Nlp L @ BE-B-B3: ['Batch B3 already has lab on Saturday', 'Batch B3 busy', 'No Teacher (Nlp L)', 'No Lab Room']
FAILED Dl L @ BE-B-B3: ['Batch B3 already has lab on Saturday', 'Batch B3 busy', 'No Teacher (Dl L)', 'No Lab Room']
FAILED Bt L @ BE-B-B3: ['Batch B3 already has lab on Saturday', 'Batch B3 busy', 'No Teacher (Bt L)', 'No Lab Room']
FAILED Nlp L @ BE-A-B1: ['No Lab Room', 'Batch B1 already has lab on Thursday', 'Batch B1 already has lab on Friday', 'No Teacher (Nlp L)', 'Batch B1 busy', 'Batch B1 already has lab on Saturday']
FAILED Dl L @ BE-A-B2: ['No Lab Room', 'Batch B2 already has lab on Saturday', 'Batch B2 already has lab on Friday', 'Batch B2 busy', 'No Teacher (Dl L)', 'Batch B2 already has lab on Thursday']
FAILED Bt L @ BE-A-B3: ['No Lab Room', 'Batch B3 already has lab on Friday', 'Batch B3 already has lab on Thursday', 'Batch B3 busy', 'Batch B3 already has lab on Saturday', 'No Teacher (Bt L)']
FAILED Nlp L @ BE-B-B1: ['No Lab Room', 'Batch B1 already has lab on Thursday', 'Batch B1 already has lab on Friday', 'No Teacher (Nlp L)', 'Batch B1 busy', 'Batch B1 already has lab on Saturday']
FAILED Bda L @ BE-B-B2: ['No Lab Room', 'Batch B2 already has lab on Saturday', 'Batch B2 busy', 'No Teacher (Bda L)']
FAILED Nlp L @ BE-B-B2: ['No Lab Room', 'Batch B2 already has lab on Saturday', 'Batch B2 busy', 'No Teacher (Nlp L)']
FAILED Dl L @ BE-B-B2: ['No Lab Room', 'Batch B2 already has lab on Saturday', 'Batch B2 busy', 'No Teacher (Dl L)']
FAILED Nlp L @ BE-B-B3: ['No Lab Room', 'Batch B3 already has lab on Saturday', 'No Teacher (Nlp L)', 'Batch B3 busy']
FAILED Dl L @ BE-B-B3: ['No Lab Room', 'No Teacher (Dl L)', 'Batch B3 already has lab on Saturday', 'Batch B3 busy']
FAILED Bt L @ BE-B-B3: ['No Lab Room', 'No Teacher (Bt L)', 'Batch B3 already has lab on Saturday', 'Batch B3 busy']
