============================================================
Testing Core Timetable Generation Engine
============================================================

[TEST CONFIG]
Years: ['SE']
Divisions: SE-A
Slots per day: 6
Total slots available: 6 * 6 days = 36
Subjects: 2 (lectures only, 2 per week each)
Total lectures needed: 4
Teachers: 3
Rooms: 2
Labs: 3

[STARTING GENERATION]
------------------------------------------------------------
Starting Lab Scheduling...
Lab Scheduling Complete.
Scheduling 30 theory slots...

Generation Result: SUCCESS
Valid: False

[STATISTICS]
Total Slots Filled: 48
Iterations: 31
Backtracks: 0
Quality Score: 30.82/100

[VIOLATIONS]
Hard Violations: 3
Soft Violations: 11

Hard Violations Found:
  - [WEEKLY_LECTURE_COMPLETION] Subject 'Data Lab' for SE-A has 6/4 lectures (over-allocated)
  - [WEEKLY_LECTURE_COMPLETION] Subject 'AI Lab' for SE-A has 6/4 lectures (over-allocated)
  - [WEEKLY_LECTURE_COMPLETION] Subject 'Python Lab' for SE-A has 6/4 lectures (over-allocated)

[SAMPLE SLOTS]
1. Monday Slot 0: Python Lab - Neha - Lab-1
2. Monday Slot 1: Python Lab - Neha - Lab-1
3. Monday Slot 0: AI Lab - John - Lab-2
4. Monday Slot 1: AI Lab - John - Lab-2
5. Monday Slot 0: Data Lab - Sarah - Lab-3
... and 43 more slots

============================================================
Test Completed!
============================================================
python : Traceback (most recent call last):
At line:1 char:1
+ python backend/test_generation.py > test_output.txt 2>&1
+ ~~~~~~~~~~~~~~~~~~~~~~~~~~~~~~~~~~~~~~~~~~~~~~~~~~~~~~~~
    + CategoryInfo          : NotSpecified: (Traceback (most 
recent cal    l last)::String) [], RemoteException
    + FullyQualifiedErrorId : NativeCommandError
 
  File "C:\Users\omraj\OneDrive\Desktop\Adv Timetable 
Gen\backend\test_generation.py", line 193, in <module>
    result = test_generation()
             ^^^^^^^^^^^^^^^^^
  File "C:\Users\omraj\OneDrive\Desktop\Adv Timetable 
Gen\backend\test_generation.py", line 187, in test_generation
    assert result['valid'] is True, "Generated timetable is 
invalid"
           ^^^^^^^^^^^^^^^^^^^^^^^
AssertionError: Generated timetable is invalid
