FAILED Dl L @ BE-B-B2: ['No Teacher (Dl L)', 'Batch B2 already has lab on Thursday', 'Batch B2 busy', 'Batch B2 already has lab on Friday', 'No Lab Room']
FAILED Dl L @ BE-B-B3: ['Batch B3 already has lab on Friday', 'No Teacher (Dl L)', 'No Lab Room', 'Batch B3 busy']
FAILED Bt L @ BE-B-B3: ['Batch B3 already has lab on Friday', 'Batch B3 busy', 'No Lab Room', 'No Teacher (Bt L)']
FAILED Dl L @ BE-B-B2: ['Batch B2 already has lab on Thursday', 'Batch B2 busy', 'No Lab Room', 'Batch B2 already has lab on Friday', 'No Teacher (Dl L)']
FAILED Dl L @ BE-B-B3: ['Batch B3 busy', 'No Lab Room', 'No Teacher (Dl L)', 'Batch B3 already has lab on Friday']
FAILED Bt L @ BE-B-B3: ['Batch B3 busy', 'No Teacher (Bt L)', 'No Lab Room', 'Batch B3 already has lab on Friday']
FAILED Dl L @ BE-B-B2: ['Batch B2 already has lab on Thursday', 'Batch B2 busy', 'No Lab Room', 'Batch B2 already has lab on Friday', 'No Teacher (Dl L)']
FAILED Dl L @ BE-B-B3: ['Batch B3 busy', 'No Lab Room', 'No Teacher (Dl L)', 'Batch B3 already has lab on Friday']
FAILED Bt L @ BE-B-B3: ['Batch B3 busy', 'No Teacher (Bt L)', 'No Lab Room', 'Batch B3 already has lab on Friday']
FAILED Ed L @ SE-C-B3: ['Batch B3 busy', 'Batch B3 already has lab on Monday', 'No Teacher (Ed L)']
FAILED Wcn L @ TE-B-B3: ['Batch B3 already has lab on Friday', 'No Teacher (Wcn L)', 'No Lab Room', 'Batch B3 busy', 'Batch B3 already has lab on Thursday']
FAILED Ai L @ TE-B-B3: ['Batch B3 already has lab on Friday', 'No Lab Room', 'Batch B3 busy', 'Batch B3 already has lab on Thursday', 'No Teacher (Ai L)']
FAILED Bda L @ BE-A-B1: ['Batch B1 already has lab on Thursday', 'Batch B1 already has lab on Friday', 'No Lab Room', 'Batch B1 busy', 'No Teacher (Bda L)']
FAILED Dl L @ BE-A-B2: ['Batch B2 already has lab on Thursday', 'Batch B2 busy', 'No Lab Room', 'Batch B2 already has lab on Friday', 'No Teacher (Dl L)']
FAILED Bt L @ BE-A-B3: ['Batch B3 already has lab on Friday', 'No Lab Room', 'Batch B3 busy', 'Batch B3 already has lab on Thursday', 'No Teacher (Bt L)']
FAILED Dl L @ BE-B-B1: ['No Lab Room', 'No Teacher (Dl L)']
FAILED Bda L @ BE-B-B1: ['Batch B1 busy', 'No Teacher (Bda L)', 'No Lab Room', 'Batch B1 already has lab on Friday']
FAILED Bt L @ BE-B-B2: ['No Teacher (Bt L)', 'No Lab Room']
FAILED Dl L @ BE-B-B2: ['Batch B2 busy', 'Batch B2 already has lab on Friday', 'No Lab Room', 'No Teacher (Dl L)']
FAILED Bda L @ BE-B-B3: ['No Teacher (Bda L)', 'No Lab Room']
FAILED Dl L @ BE-B-B3: ['No Lab Room', 'No Teacher (Dl L)']
FAILED Bt L @ BE-B-B3: ['No Teacher (Bt L)', 'No Lab Room']
