SUCCESS SE-A
SUCCESS SE-B
SUCCESS SE-C
SUCCESS TE-A
SUCCESS TE-B
SUCCESS BE-A
SUCCESS BE-B
SUCCESS SE-A
SUCCESS SE-B
SUCCESS SE-C
SUCCESS TE-A
SUCCESS TE-B
SUCCESS BE-A
SUCCESS BE-B
SUCCESS SE-A
SUCCESS SE-B
SUCCESS SE-C
SUCCESS TE-A
SUCCESS TE-B
SUCCESS BE-A
SUCCESS BE-B
SUCCESS SE-A
SUCCESS SE-B
SUCCESS SE-C
SUCCESS TE-A
SUCCESS TE-B
SUCCESS BE-A
SUCCESS BE-B
SUCCESS SE-A
SUCCESS SE-B
SUCCESS SE-C
SUCCESS TE-A
SUCCESS TE-B
SUCCESS BE-A
SUCCESS BE-B
SUCCESS SE-A
SUCCESS SE-B
SUCCESS SE-C
SUCCESS TE-A
SUCCESS TE-B
SUCCESS BE-A
SUCCESS BE-B
SUCCESS SE-A
SUCCESS SE-B
SUCCESS SE-C
SUCCESS TE-A
SUCCESS TE-B
SUCCESS BE-A
SUCCESS BE-B
SUCCESS SE-A
SUCCESS SE-B
SUCCESS SE-C
SUCCESS TE-A
SUCCESS TE-B
SUCCESS BE-A
SUCCESS BE-B
SUCCESS SE-A
SUCCESS SE-B
SUCCESS SE-C
SUCCESS TE-A
SUCCESS TE-B
SUCCESS BE-A
SUCCESS BE-B
SUCCESS SE-A
SUCCESS SE-A
SUCCESS SE-B
SUCCESS SE-C
SUCCESS TE-A
SUCCESS TE-B
SUCCESS BE-A
SUCCESS BE-B
SUCCESS SE-A
SUCCESS SE-A
SUCCESS SE-B
SUCCESS SE-C
SUCCESS TE-A
SUCCESS TE-B
SUCCESS BE-A
SUCCESS BE-B
SUCCESS SE-A
SUCCESS SE-A
SUCCESS SE-A
SUCCESS SE-B
SUCCESS SE-C
SUCCESS TE-A
SUCCESS TE-B
SUCCESS BE-A
SUCCESS BE-B
SUCCESS SE-A
SUCCESS SE-A
SUCCESS SE-A
SUCCESS SE-B
SUCCESS SE-C
SUCCESS TE-A
SUCCESS TE-B
SUCCESS BE-A
SUCCESS BE-B
SUCCESS SE-A
SUCCESS SE-A
SUCCESS SE-A
SUCCESS BE-A
SUCCESS SE-A
SUCCESS BE-A
SUCCESS SE-A
SUCCESS SE-A
SUCCESS SE-A
SUCCESS SE-B
SUCCESS SE-C
SUCCESS TE-A
SUCCESS TE-B
SUCCESS BE-A
SUCCESS BE-B
SUCCESS SE-A
SUCCESS SE-B
SUCCESS SE-C
SUCCESS TE-A
SUCCESS TE-B
SUCCESS BE-A
SUCCESS BE-B
SUCCESS SE-A
SUCCESS SE-B
SUCCESS SE-C
SUCCESS TE-A
SUCCESS TE-B
SUCCESS BE-A
SUCCESS BE-B
SUCCESS SE-A
SUCCESS SE-B
SUCCESS SE-C
SUCCESS TE-A
SUCCESS TE-B
SUCCESS BE-A
SUCCESS BE-B
SUCCESS SE-A
SUCCESS SE-B
SUCCESS SE-C
SUCCESS TE-A
SUCCESS TE-B
SUCCESS BE-A
SUCCESS BE-B
SUCCESS SE-A
SUCCESS SE-B
SUCCESS SE-C
SUCCESS TE-A
SUCCESS TE-B
SUCCESS BE-A
SUCCESS BE-B
SUCCESS SE-A
SUCCESS SE-B
SUCCESS SE-C
SUCCESS TE-A
SUCCESS TE-B
SUCCESS BE-A
SUCCESS BE-B
SUCCESS SE-A
SUCCESS SE-B
SUCCESS SE-C
SUCCESS TE-A
SUCCESS TE-B
SUCCESS BE-A
SUCCESS BE-B
SUCCESS SE-A
SUCCESS SE-B
SUCCESS SE-C
SUCCESS TE-A
SUCCESS TE-B
SUCCESS TE-C
SUCCESS BE-A
SUCCESS BE-B
SUCCESS SE-A
SUCCESS SE-B
SUCCESS SE-A
SUCCESS SE-B
SUCCESS SE-A
SUCCESS SE-B
SUCCESS SE-A
SUCCESS SE-B
SUCCESS SE-C
SUCCESS TE-A
SUCCESS TE-B
SUCCESS TE-C
SUCCESS BE-A
SUCCESS BE-B
SUCCESS BE-C
SUCCESS SE-A
SUCCESS SE-B
SUCCESS SE-C
SUCCESS TE-A
SUCCESS TE-B
SUCCESS TE-C
SUCCESS BE-A
SUCCESS BE-B
SUCCESS BE-C
SUCCESS SE-A
SUCCESS SE-B
SUCCESS TE-A
SUCCESS TE-B
SUCCESS TE-C
SUCCESS BE-A
SUCCESS BE-B
SUCCESS BE-C
SUCCESS SE-A
SUCCESS SE-B
SUCCESS TE-A
SUCCESS TE-B
SUCCESS TE-C
SUCCESS BE-A
SUCCESS BE-B
SUCCESS BE-C
SUCCESS SE-A
SUCCESS SE-B
SUCCESS TE-A
SUCCESS TE-B
SUCCESS TE-C
SUCCESS BE-A
SUCCESS BE-B
SUCCESS BE-C
SUCCESS SE-A
SUCCESS SE-B
SUCCESS TE-A
SUCCESS TE-B
SUCCESS TE-C
SUCCESS BE-A
SUCCESS BE-B
SUCCESS BE-C
SUCCESS SE-A
SUCCESS SE-B
SUCCESS SE-C
SUCCESS TE-A
SUCCESS TE-B
SUCCESS TE-C
SUCCESS BE-A
SUCCESS BE-B
SUCCESS SE-A
SUCCESS SE-B
SUCCESS SE-C
SUCCESS TE-A
SUCCESS TE-B
SUCCESS TE-C
SUCCESS BE-A
SUCCESS BE-B
SUCCESS SE-A
SUCCESS SE-B
SUCCESS SE-C
SUCCESS TE-A
SUCCESS TE-B
SUCCESS TE-C
SUCCESS BE-A
SUCCESS BE-B
SUCCESS SE-A
SUCCESS SE-B
SUCCESS SE-C
SUCCESS TE-A
SUCCESS TE-B
SUCCESS TE-C
SUCCESS BE-A
SUCCESS BE-B
SUCCESS SE-A
SUCCESS SE-B
SUCCESS SE-C
SUCCESS TE-A
SUCCESS TE-B
SUCCESS TE-C
SUCCESS BE-A
SUCCESS BE-B
SUCCESS SE-A
SUCCESS SE-B
SUCCESS SE-C
SUCCESS TE-A
SUCCESS TE-B
SUCCESS TE-C
SUCCESS BE-A
SUCCESS BE-B
SUCCESS SE-A
SUCCESS SE-B
SUCCESS SE-C
SUCCESS TE-A
SUCCESS TE-B
SUCCESS TE-C
SUCCESS BE-A
SUCCESS BE-B
